// Jest Snapshot v1, https://goo.gl/fbAQLP

exports[`App should render 1`] = `
<div>
  <withRouter(Error)>
    <div
      className="row"
    >
      <div
        className="column"
      >
        <Header />
      </div>
    </div>
    <div
      className="row"
    >
      <div
        className="column"
      >
        <withRouter(Connect(Router)) />
      </div>
    </div>
  </withRouter(Error)>
</div>
`;
